[2026-07-29 12:25:35 UTC] COMMIT db38207: docs: session log 2026-07-28 evening — reorganization, Dask, merge, benchmarks (kooshikooo-lab)
[2026-07-29 12:26:37 UTC] COMMIT db38207: docs: session log 2026-07-28 evening — reorganization, Dask, merge, benchmarks (kooshikooo-lab)
[2026-07-29 12:27:40 UTC] COMMIT db38207: docs: session log 2026-07-28 evening — reorganization, Dask, merge, benchmarks (kooshikooo-lab)
[2026-07-29 12:28:42 UTC] COMMIT db38207: docs: session log 2026-07-28 evening — reorganization, Dask, merge, benchmarks (kooshikooo-lab)
[2026-07-29 12:29:44 UTC] COMMIT db38207: docs: session log 2026-07-28 evening — reorganization, Dask, merge, benchmarks (kooshikooo-lab)
[2026-07-29 12:30:47 UTC] COMMIT db38207: docs: session log 2026-07-28 evening — reorganization, Dask, merge, benchmarks (kooshikooo-lab)
[2026-07-29 12:31:49 UTC] COMMIT db38207: docs: session log 2026-07-28 evening — reorganization, Dask, merge, benchmarks (kooshikooo-lab)
[2026-07-29 12:32:51 UTC] COMMIT db38207: docs: session log 2026-07-28 evening — reorganization, Dask, merge, benchmarks (kooshikooo-lab)
[2026-07-29 12:33:54 UTC] COMMIT db38207: docs: session log 2026-07-28 evening — reorganization, Dask, merge, benchmarks (kooshikooo-lab)
[2026-07-29 12:34:56 UTC] COMMIT db38207: docs: session log 2026-07-28 evening — reorganization, Dask, merge, benchmarks (kooshikooo-lab)
[2026-07-29 12:35:59 UTC] COMMIT db38207: docs: session log 2026-07-28 evening — reorganization, Dask, merge, benchmarks (kooshikooo-lab)
[2026-07-29 12:37:01 UTC] COMMIT db38207: docs: session log 2026-07-28 evening — reorganization, Dask, merge, benchmarks (kooshikooo-lab)
[2026-07-29 12:38:03 UTC] COMMIT db38207: docs: session log 2026-07-28 evening — reorganization, Dask, merge, benchmarks (kooshikooo-lab)
[2026-07-29 12:39:06 UTC] COMMIT db38207: docs: session log 2026-07-28 evening — reorganization, Dask, merge, benchmarks (kooshikooo-lab)
[2026-07-29 12:40:08 UTC] COMMIT db38207: docs: session log 2026-07-28 evening — reorganization, Dask, merge, benchmarks (kooshikooo-lab)
[2026-07-29 12:41:11 UTC] COMMIT db38207: docs: session log 2026-07-28 evening — reorganization, Dask, merge, benchmarks (kooshikooo-lab)
[2026-07-29 12:42:13 UTC] COMMIT db38207: docs: session log 2026-07-28 evening — reorganization, Dask, merge, benchmarks (kooshikooo-lab)
[2026-07-29 12:43:16 UTC] COMMIT db38207: docs: session log 2026-07-28 evening — reorganization, Dask, merge, benchmarks (kooshikooo-lab)
[2026-07-29 12:44:18 UTC] COMMIT db38207: docs: session log 2026-07-28 evening — reorganization, Dask, merge, benchmarks (kooshikooo-lab)
[2026-07-29 12:45:21 UTC] COMMIT db38207: docs: session log 2026-07-28 evening — reorganization, Dask, merge, benchmarks (kooshikooo-lab)
[2026-07-29 12:46:23 UTC] COMMIT db38207: docs: session log 2026-07-28 evening — reorganization, Dask, merge, benchmarks (kooshikooo-lab)
[2026-07-29 12:47:26 UTC] COMMIT db38207: docs: session log 2026-07-28 evening — reorganization, Dask, merge, benchmarks (kooshikooo-lab)
[2026-07-29 12:48:28 UTC] COMMIT db38207: docs: session log 2026-07-28 evening — reorganization, Dask, merge, benchmarks (kooshikooo-lab)
[2026-07-29 12:49:30 UTC] COMMIT db38207: docs: session log 2026-07-28 evening — reorganization, Dask, merge, benchmarks (kooshikooo-lab)
[2026-07-29 12:50:33 UTC] COMMIT db38207: docs: session log 2026-07-28 evening — reorganization, Dask, merge, benchmarks (kooshikooo-lab)
[2026-07-29 12:51:35 UTC] COMMIT db38207: docs: session log 2026-07-28 evening — reorganization, Dask, merge, benchmarks (kooshikooo-lab)
[2026-07-29 12:52:37 UTC] COMMIT db38207: docs: session log 2026-07-28 evening — reorganization, Dask, merge, benchmarks (kooshikooo-lab)
[2026-07-29 12:53:40 UTC] COMMIT db38207: docs: session log 2026-07-28 evening — reorganization, Dask, merge, benchmarks (kooshikooo-lab)
[2026-07-29 12:54:42 UTC] COMMIT db38207: docs: session log 2026-07-28 evening — reorganization, Dask, merge, benchmarks (kooshikooo-lab)
[2026-07-29 12:55:44 UTC] COMMIT db38207: docs: session log 2026-07-28 evening — reorganization, Dask, merge, benchmarks (kooshikooo-lab)
[2026-07-29 12:56:47 UTC] COMMIT db38207: docs: session log 2026-07-28 evening — reorganization, Dask, merge, benchmarks (kooshikooo-lab)
[2026-07-29 12:57:49 UTC] COMMIT db38207: docs: session log 2026-07-28 evening — reorganization, Dask, merge, benchmarks (kooshikooo-lab)
[2026-07-29 12:58:51 UTC] COMMIT db38207: docs: session log 2026-07-28 evening — reorganization, Dask, merge, benchmarks (kooshikooo-lab)
[2026-07-29 12:59:54 UTC] COMMIT db38207: docs: session log 2026-07-28 evening — reorganization, Dask, merge, benchmarks (kooshikooo-lab)
[2026-07-29 13:00:56 UTC] COMMIT db38207: docs: session log 2026-07-28 evening — reorganization, Dask, merge, benchmarks (kooshikooo-lab)
[2026-07-29 13:01:59 UTC] COMMIT db38207: docs: session log 2026-07-28 evening — reorganization, Dask, merge, benchmarks (kooshikooo-lab)
[2026-07-29 13:03:01 UTC] COMMIT db38207: docs: session log 2026-07-28 evening — reorganization, Dask, merge, benchmarks (kooshikooo-lab)
[2026-07-29 13:04:03 UTC] COMMIT db38207: docs: session log 2026-07-28 evening — reorganization, Dask, merge, benchmarks (kooshikooo-lab)
[2026-07-29 13:05:06 UTC] COMMIT db38207: docs: session log 2026-07-28 evening — reorganization, Dask, merge, benchmarks (kooshikooo-lab)
[2026-07-29 13:06:09 UTC] COMMIT db38207: docs: session log 2026-07-28 evening — reorganization, Dask, merge, benchmarks (kooshikooo-lab)
[2026-07-29 13:07:11 UTC] COMMIT db38207: docs: session log 2026-07-28 evening — reorganization, Dask, merge, benchmarks (kooshikooo-lab)
[2026-07-29 13:08:13 UTC] COMMIT db38207: docs: session log 2026-07-28 evening — reorganization, Dask, merge, benchmarks (kooshikooo-lab)
[2026-07-29 13:09:16 UTC] COMMIT db38207: docs: session log 2026-07-28 evening — reorganization, Dask, merge, benchmarks (kooshikooo-lab)
[2026-07-29 13:10:18 UTC] COMMIT db38207: docs: session log 2026-07-28 evening — reorganization, Dask, merge, benchmarks (kooshikooo-lab)
[2026-07-29 13:11:20 UTC] COMMIT db38207: docs: session log 2026-07-28 evening — reorganization, Dask, merge, benchmarks (kooshikooo-lab)
[2026-07-29 13:12:23 UTC] COMMIT db38207: docs: session log 2026-07-28 evening — reorganization, Dask, merge, benchmarks (kooshikooo-lab)
[2026-07-29 13:13:25 UTC] COMMIT db38207: docs: session log 2026-07-28 evening — reorganization, Dask, merge, benchmarks (kooshikooo-lab)
[2026-07-29 13:14:28 UTC] COMMIT db38207: docs: session log 2026-07-28 evening — reorganization, Dask, merge, benchmarks (kooshikooo-lab)
[2026-07-29 13:15:30 UTC] COMMIT db38207: docs: session log 2026-07-28 evening — reorganization, Dask, merge, benchmarks (kooshikooo-lab)
[2026-07-29 13:16:33 UTC] COMMIT db38207: docs: session log 2026-07-28 evening — reorganization, Dask, merge, benchmarks (kooshikooo-lab)
[2026-07-29 13:17:35 UTC] COMMIT db38207: docs: session log 2026-07-28 evening — reorganization, Dask, merge, benchmarks (kooshikooo-lab)
[2026-07-29 13:18:37 UTC] COMMIT db38207: docs: session log 2026-07-28 evening — reorganization, Dask, merge, benchmarks (kooshikooo-lab)
[2026-07-29 13:19:40 UTC] COMMIT db38207: docs: session log 2026-07-28 evening — reorganization, Dask, merge, benchmarks (kooshikooo-lab)
[2026-07-29 13:20:42 UTC] COMMIT db38207: docs: session log 2026-07-28 evening — reorganization, Dask, merge, benchmarks (kooshikooo-lab)
[2026-07-29 13:21:45 UTC] COMMIT db38207: docs: session log 2026-07-28 evening — reorganization, Dask, merge, benchmarks (kooshikooo-lab)
[2026-07-29 13:22:47 UTC] COMMIT db38207: docs: session log 2026-07-28 evening — reorganization, Dask, merge, benchmarks (kooshikooo-lab)
[2026-07-29 13:23:49 UTC] COMMIT db38207: docs: session log 2026-07-28 evening — reorganization, Dask, merge, benchmarks (kooshikooo-lab)
[2026-07-29 13:24:52 UTC] COMMIT db38207: docs: session log 2026-07-28 evening — reorganization, Dask, merge, benchmarks (kooshikooo-lab)
[2026-07-29 13:25:54 UTC] COMMIT db38207: docs: session log 2026-07-28 evening — reorganization, Dask, merge, benchmarks (kooshikooo-lab)
[2026-07-29 13:26:57 UTC] COMMIT db38207: docs: session log 2026-07-28 evening — reorganization, Dask, merge, benchmarks (kooshikooo-lab)
[2026-07-29 13:27:59 UTC] COMMIT db38207: docs: session log 2026-07-28 evening — reorganization, Dask, merge, benchmarks (kooshikooo-lab)
[2026-07-29 13:29:01 UTC] COMMIT db38207: docs: session log 2026-07-28 evening — reorganization, Dask, merge, benchmarks (kooshikooo-lab)
[2026-07-29 13:30:04 UTC] COMMIT db38207: docs: session log 2026-07-28 evening — reorganization, Dask, merge, benchmarks (kooshikooo-lab)
[2026-07-29 13:31:06 UTC] COMMIT db38207: docs: session log 2026-07-28 evening — reorganization, Dask, merge, benchmarks (kooshikooo-lab)
[2026-07-29 13:32:08 UTC] COMMIT db38207: docs: session log 2026-07-28 evening — reorganization, Dask, merge, benchmarks (kooshikooo-lab)
[2026-07-29 13:33:11 UTC] COMMIT db38207: docs: session log 2026-07-28 evening — reorganization, Dask, merge, benchmarks (kooshikooo-lab)
[2026-07-29 13:34:13 UTC] COMMIT db38207: docs: session log 2026-07-28 evening — reorganization, Dask, merge, benchmarks (kooshikooo-lab)
[2026-07-29 13:35:16 UTC] COMMIT db38207: docs: session log 2026-07-28 evening — reorganization, Dask, merge, benchmarks (kooshikooo-lab)
[2026-07-29 13:36:19 UTC] COMMIT db38207: docs: session log 2026-07-28 evening — reorganization, Dask, merge, benchmarks (kooshikooo-lab)
[2026-07-29 13:37:21 UTC] COMMIT db38207: docs: session log 2026-07-28 evening — reorganization, Dask, merge, benchmarks (kooshikooo-lab)
[2026-07-29 13:38:23 UTC] COMMIT db38207: docs: session log 2026-07-28 evening — reorganization, Dask, merge, benchmarks (kooshikooo-lab)
[2026-07-29 13:39:26 UTC] COMMIT db38207: docs: session log 2026-07-28 evening — reorganization, Dask, merge, benchmarks (kooshikooo-lab)
[2026-07-29 13:40:28 UTC] COMMIT db38207: docs: session log 2026-07-28 evening — reorganization, Dask, merge, benchmarks (kooshikooo-lab)
[2026-07-29 13:41:30 UTC] COMMIT db38207: docs: session log 2026-07-28 evening — reorganization, Dask, merge, benchmarks (kooshikooo-lab)
[2026-07-29 13:42:33 UTC] COMMIT db38207: docs: session log 2026-07-28 evening — reorganization, Dask, merge, benchmarks (kooshikooo-lab)
[2026-07-29 13:43:35 UTC] COMMIT db38207: docs: session log 2026-07-28 evening — reorganization, Dask, merge, benchmarks (kooshikooo-lab)
[2026-07-29 13:44:38 UTC] COMMIT db38207: docs: session log 2026-07-28 evening — reorganization, Dask, merge, benchmarks (kooshikooo-lab)
[2026-07-29 13:45:40 UTC] COMMIT db38207: docs: session log 2026-07-28 evening — reorganization, Dask, merge, benchmarks (kooshikooo-lab)
[2026-07-29 13:46:43 UTC] COMMIT db38207: docs: session log 2026-07-28 evening — reorganization, Dask, merge, benchmarks (kooshikooo-lab)
[2026-07-29 13:47:45 UTC] COMMIT db38207: docs: session log 2026-07-28 evening — reorganization, Dask, merge, benchmarks (kooshikooo-lab)
[2026-07-29 13:48:47 UTC] COMMIT db38207: docs: session log 2026-07-28 evening — reorganization, Dask, merge, benchmarks (kooshikooo-lab)
[2026-07-29 13:49:50 UTC] COMMIT db38207: docs: session log 2026-07-28 evening — reorganization, Dask, merge, benchmarks (kooshikooo-lab)
[2026-07-29 13:50:52 UTC] COMMIT db38207: docs: session log 2026-07-28 evening — reorganization, Dask, merge, benchmarks (kooshikooo-lab)
[2026-07-29 13:51:54 UTC] COMMIT db38207: docs: session log 2026-07-28 evening — reorganization, Dask, merge, benchmarks (kooshikooo-lab)
[2026-07-29 13:52:57 UTC] COMMIT db38207: docs: session log 2026-07-28 evening — reorganization, Dask, merge, benchmarks (kooshikooo-lab)
[2026-07-29 13:53:59 UTC] COMMIT db38207: docs: session log 2026-07-28 evening — reorganization, Dask, merge, benchmarks (kooshikooo-lab)
[2026-07-29 13:55:02 UTC] COMMIT db38207: docs: session log 2026-07-28 evening — reorganization, Dask, merge, benchmarks (kooshikooo-lab)
[2026-07-29 13:56:04 UTC] COMMIT db38207: docs: session log 2026-07-28 evening — reorganization, Dask, merge, benchmarks (kooshikooo-lab)
[2026-07-29 13:57:06 UTC] COMMIT db38207: docs: session log 2026-07-28 evening — reorganization, Dask, merge, benchmarks (kooshikooo-lab)
[2026-07-29 13:58:09 UTC] COMMIT db38207: docs: session log 2026-07-28 evening — reorganization, Dask, merge, benchmarks (kooshikooo-lab)
[2026-07-29 13:59:11 UTC] COMMIT db38207: docs: session log 2026-07-28 evening — reorganization, Dask, merge, benchmarks (kooshikooo-lab)
[2026-07-29 14:00:14 UTC] COMMIT db38207: docs: session log 2026-07-28 evening — reorganization, Dask, merge, benchmarks (kooshikooo-lab)
[2026-07-29 14:01:16 UTC] COMMIT db38207: docs: session log 2026-07-28 evening — reorganization, Dask, merge, benchmarks (kooshikooo-lab)
[2026-07-29 14:02:18 UTC] COMMIT db38207: docs: session log 2026-07-28 evening — reorganization, Dask, merge, benchmarks (kooshikooo-lab)
[2026-07-29 14:03:21 UTC] COMMIT db38207: docs: session log 2026-07-28 evening — reorganization, Dask, merge, benchmarks (kooshikooo-lab)
[2026-07-29 14:04:23 UTC] COMMIT db38207: docs: session log 2026-07-28 evening — reorganization, Dask, merge, benchmarks (kooshikooo-lab)
[2026-07-29 14:05:26 UTC] COMMIT db38207: docs: session log 2026-07-28 evening — reorganization, Dask, merge, benchmarks (kooshikooo-lab)
[2026-07-29 14:06:28 UTC] COMMIT db38207: docs: session log 2026-07-28 evening — reorganization, Dask, merge, benchmarks (kooshikooo-lab)
[2026-07-29 14:07:31 UTC] COMMIT db38207: docs: session log 2026-07-28 evening — reorganization, Dask, merge, benchmarks (kooshikooo-lab)
[2026-07-29 14:08:33 UTC] COMMIT db38207: docs: session log 2026-07-28 evening — reorganization, Dask, merge, benchmarks (kooshikooo-lab)
[2026-07-29 14:09:36 UTC] COMMIT db38207: docs: session log 2026-07-28 evening — reorganization, Dask, merge, benchmarks (kooshikooo-lab)
[2026-07-29 14:10:38 UTC] COMMIT db38207: docs: session log 2026-07-28 evening — reorganization, Dask, merge, benchmarks (kooshikooo-lab)
[2026-07-29 14:11:41 UTC] COMMIT db38207: docs: session log 2026-07-28 evening — reorganization, Dask, merge, benchmarks (kooshikooo-lab)
[2026-07-29 14:12:43 UTC] COMMIT db38207: docs: session log 2026-07-28 evening — reorganization, Dask, merge, benchmarks (kooshikooo-lab)
[2026-07-29 14:13:45 UTC] COMMIT db38207: docs: session log 2026-07-28 evening — reorganization, Dask, merge, benchmarks (kooshikooo-lab)
[2026-07-29 14:14:48 UTC] COMMIT db38207: docs: session log 2026-07-28 evening — reorganization, Dask, merge, benchmarks (kooshikooo-lab)
[2026-07-29 14:15:50 UTC] COMMIT db38207: docs: session log 2026-07-28 evening — reorganization, Dask, merge, benchmarks (kooshikooo-lab)
[2026-07-29 14:16:52 UTC] COMMIT db38207: docs: session log 2026-07-28 evening — reorganization, Dask, merge, benchmarks (kooshikooo-lab)
[2026-07-29 14:17:55 UTC] COMMIT db38207: docs: session log 2026-07-28 evening — reorganization, Dask, merge, benchmarks (kooshikooo-lab)
[2026-07-29 14:18:57 UTC] COMMIT db38207: docs: session log 2026-07-28 evening — reorganization, Dask, merge, benchmarks (kooshikooo-lab)
[2026-07-29 14:19:59 UTC] COMMIT db38207: docs: session log 2026-07-28 evening — reorganization, Dask, merge, benchmarks (kooshikooo-lab)
[2026-07-29 14:21:02 UTC] COMMIT db38207: docs: session log 2026-07-28 evening — reorganization, Dask, merge, benchmarks (kooshikooo-lab)
[2026-07-29 14:22:04 UTC] COMMIT db38207: docs: session log 2026-07-28 evening — reorganization, Dask, merge, benchmarks (kooshikooo-lab)
[2026-07-29 14:23:07 UTC] COMMIT db38207: docs: session log 2026-07-28 evening — reorganization, Dask, merge, benchmarks (kooshikooo-lab)
[2026-07-29 14:24:09 UTC] COMMIT db38207: docs: session log 2026-07-28 evening — reorganization, Dask, merge, benchmarks (kooshikooo-lab)
[2026-07-29 14:25:11 UTC] COMMIT db38207: docs: session log 2026-07-28 evening — reorganization, Dask, merge, benchmarks (kooshikooo-lab)
[2026-07-29 14:26:14 UTC] COMMIT db38207: docs: session log 2026-07-28 evening — reorganization, Dask, merge, benchmarks (kooshikooo-lab)
[2026-07-29 14:27:17 UTC] COMMIT db38207: docs: session log 2026-07-28 evening — reorganization, Dask, merge, benchmarks (kooshikooo-lab)
[2026-07-29 14:28:19 UTC] COMMIT db38207: docs: session log 2026-07-28 evening — reorganization, Dask, merge, benchmarks (kooshikooo-lab)
[2026-07-29 14:29:21 UTC] COMMIT db38207: docs: session log 2026-07-28 evening — reorganization, Dask, merge, benchmarks (kooshikooo-lab)
[2026-07-29 14:30:24 UTC] COMMIT db38207: docs: session log 2026-07-28 evening — reorganization, Dask, merge, benchmarks (kooshikooo-lab)
[2026-07-29 14:31:26 UTC] COMMIT db38207: docs: session log 2026-07-28 evening — reorganization, Dask, merge, benchmarks (kooshikooo-lab)
[2026-07-29 14:32:29 UTC] COMMIT db38207: docs: session log 2026-07-28 evening — reorganization, Dask, merge, benchmarks (kooshikooo-lab)
[2026-07-29 14:33:31 UTC] COMMIT db38207: docs: session log 2026-07-28 evening — reorganization, Dask, merge, benchmarks (kooshikooo-lab)
[2026-07-29 14:34:33 UTC] COMMIT db38207: docs: session log 2026-07-28 evening — reorganization, Dask, merge, benchmarks (kooshikooo-lab)
[2026-07-29 14:35:36 UTC] COMMIT db38207: docs: session log 2026-07-28 evening — reorganization, Dask, merge, benchmarks (kooshikooo-lab)
[2026-07-29 14:36:37 UTC] DISCUSSION #23: kooshikooo-lab: ## AI Governance System — Architecture Redesign Prep

### New Governance Documents
All 6 documents are committed on `experiment/unconventional-shapes` (`b8d73e1`) and pushed to the wiki:

| Document |
[2026-07-29 14:36:38 UTC] COMMIT db38207: docs: session log 2026-07-28 evening — reorganization, Dask, merge, benchmarks (kooshikooo-lab)
[2026-07-29 14:37:41 UTC] COMMIT db38207: docs: session log 2026-07-28 evening — reorganization, Dask, merge, benchmarks (kooshikooo-lab)
[2026-07-29 14:38:43 UTC] COMMIT db38207: docs: session log 2026-07-28 evening — reorganization, Dask, merge, benchmarks (kooshikooo-lab)
[2026-07-29 14:39:45 UTC] COMMIT db38207: docs: session log 2026-07-28 evening — reorganization, Dask, merge, benchmarks (kooshikooo-lab)
[2026-07-29 14:40:47 UTC] PR #30: Add AI governance system [OPEN]
[2026-07-29 14:40:48 UTC] COMMIT db38207: docs: session log 2026-07-28 evening — reorganization, Dask, merge, benchmarks (kooshikooo-lab)
[2026-07-29 14:41:50 UTC] COMMIT db38207: docs: session log 2026-07-28 evening — reorganization, Dask, merge, benchmarks (kooshikooo-lab)
[2026-07-29 14:42:53 UTC] COMMIT db38207: docs: session log 2026-07-28 evening — reorganization, Dask, merge, benchmarks (kooshikooo-lab)
[2026-07-29 14:43:55 UTC] COMMIT db38207: docs: session log 2026-07-28 evening — reorganization, Dask, merge, benchmarks (kooshikooo-lab)
[2026-07-29 14:44:57 UTC] COMMIT db38207: docs: session log 2026-07-28 evening — reorganization, Dask, merge, benchmarks (kooshikooo-lab)
[2026-07-29 14:46:00 UTC] COMMIT db38207: docs: session log 2026-07-28 evening — reorganization, Dask, merge, benchmarks (kooshikooo-lab)
[2026-07-29 14:47:03 UTC] COMMIT db38207: docs: session log 2026-07-28 evening — reorganization, Dask, merge, benchmarks (kooshikooo-lab)
[2026-07-29 14:48:05 UTC] COMMIT db38207: docs: session log 2026-07-28 evening — reorganization, Dask, merge, benchmarks (kooshikooo-lab)
[2026-07-29 14:49:07 UTC] COMMIT db38207: docs: session log 2026-07-28 evening — reorganization, Dask, merge, benchmarks (kooshikooo-lab)
[2026-07-29 14:50:08 UTC] DISCUSSION #23: kooshikooo-lab: ﻿## Architecture Redesign Branch Created

Branch **refactor/architecture** pushed from main with all ADR implementations:

### What's Implemented

| ADR | Component | Status |
|-----|-----------|-----
[2026-07-29 14:50:10 UTC] COMMIT db38207: docs: session log 2026-07-28 evening — reorganization, Dask, merge, benchmarks (kooshikooo-lab)
[2026-07-29 14:51:12 UTC] COMMIT db38207: docs: session log 2026-07-28 evening — reorganization, Dask, merge, benchmarks (kooshikooo-lab)
[2026-07-29 14:52:15 UTC] COMMIT db38207: docs: session log 2026-07-28 evening — reorganization, Dask, merge, benchmarks (kooshikooo-lab)
[2026-07-29 14:53:17 UTC] COMMIT db38207: docs: session log 2026-07-28 evening — reorganization, Dask, merge, benchmarks (kooshikooo-lab)
[2026-07-29 14:54:20 UTC] COMMIT db38207: docs: session log 2026-07-28 evening — reorganization, Dask, merge, benchmarks (kooshikooo-lab)
[2026-07-29 14:55:22 UTC] COMMIT db38207: docs: session log 2026-07-28 evening — reorganization, Dask, merge, benchmarks (kooshikooo-lab)
[2026-07-29 14:56:24 UTC] COMMIT db38207: docs: session log 2026-07-28 evening — reorganization, Dask, merge, benchmarks (kooshikooo-lab)
[2026-07-29 14:57:27 UTC] COMMIT db38207: docs: session log 2026-07-28 evening — reorganization, Dask, merge, benchmarks (kooshikooo-lab)
[2026-07-29 14:58:29 UTC] COMMIT db38207: docs: session log 2026-07-28 evening — reorganization, Dask, merge, benchmarks (kooshikooo-lab)
[2026-07-29 14:59:31 UTC] COMMIT db38207: docs: session log 2026-07-28 evening — reorganization, Dask, merge, benchmarks (kooshikooo-lab)
[2026-07-29 15:00:34 UTC] COMMIT db38207: docs: session log 2026-07-28 evening — reorganization, Dask, merge, benchmarks (kooshikooo-lab)
[2026-07-29 15:01:36 UTC] COMMIT db38207: docs: session log 2026-07-28 evening — reorganization, Dask, merge, benchmarks (kooshikooo-lab)
[2026-07-29 15:02:39 UTC] COMMIT db38207: docs: session log 2026-07-28 evening — reorganization, Dask, merge, benchmarks (kooshikooo-lab)
[2026-07-29 15:03:41 UTC] COMMIT db38207: docs: session log 2026-07-28 evening — reorganization, Dask, merge, benchmarks (kooshikooo-lab)
[2026-07-29 15:04:43 UTC] COMMIT db38207: docs: session log 2026-07-28 evening — reorganization, Dask, merge, benchmarks (kooshikooo-lab)
[2026-07-29 15:05:46 UTC] COMMIT db38207: docs: session log 2026-07-28 evening — reorganization, Dask, merge, benchmarks (kooshikooo-lab)
[2026-07-29 15:06:48 UTC] COMMIT db38207: docs: session log 2026-07-28 evening — reorganization, Dask, merge, benchmarks (kooshikooo-lab)
[2026-07-29 15:07:51 UTC] COMMIT db38207: docs: session log 2026-07-28 evening — reorganization, Dask, merge, benchmarks (kooshikooo-lab)
[2026-07-29 15:08:53 UTC] COMMIT db38207: docs: session log 2026-07-28 evening — reorganization, Dask, merge, benchmarks (kooshikooo-lab)
[2026-07-29 15:09:56 UTC] COMMIT db38207: docs: session log 2026-07-28 evening — reorganization, Dask, merge, benchmarks (kooshikooo-lab)
[2026-07-29 15:10:58 UTC] COMMIT db38207: docs: session log 2026-07-28 evening — reorganization, Dask, merge, benchmarks (kooshikooo-lab)
[2026-07-29 15:12:01 UTC] COMMIT db38207: docs: session log 2026-07-28 evening — reorganization, Dask, merge, benchmarks (kooshikooo-lab)
[2026-07-29 15:13:03 UTC] COMMIT db38207: docs: session log 2026-07-28 evening — reorganization, Dask, merge, benchmarks (kooshikooo-lab)
[2026-07-29 15:14:05 UTC] COMMIT db38207: docs: session log 2026-07-28 evening — reorganization, Dask, merge, benchmarks (kooshikooo-lab)
[2026-07-29 15:15:08 UTC] COMMIT db38207: docs: session log 2026-07-28 evening — reorganization, Dask, merge, benchmarks (kooshikooo-lab)
[2026-07-29 15:16:10 UTC] COMMIT db38207: docs: session log 2026-07-28 evening — reorganization, Dask, merge, benchmarks (kooshikooo-lab)
[2026-07-29 15:17:13 UTC] COMMIT db38207: docs: session log 2026-07-28 evening — reorganization, Dask, merge, benchmarks (kooshikooo-lab)
[2026-07-29 15:18:15 UTC] COMMIT db38207: docs: session log 2026-07-28 evening — reorganization, Dask, merge, benchmarks (kooshikooo-lab)
[2026-07-29 15:19:17 UTC] COMMIT db38207: docs: session log 2026-07-28 evening — reorganization, Dask, merge, benchmarks (kooshikooo-lab)
[2026-07-29 15:20:20 UTC] COMMIT db38207: docs: session log 2026-07-28 evening — reorganization, Dask, merge, benchmarks (kooshikooo-lab)
[2026-07-29 15:21:22 UTC] COMMIT db38207: docs: session log 2026-07-28 evening — reorganization, Dask, merge, benchmarks (kooshikooo-lab)
[2026-07-29 15:22:24 UTC] COMMIT db38207: docs: session log 2026-07-28 evening — reorganization, Dask, merge, benchmarks (kooshikooo-lab)
[2026-07-29 15:23:27 UTC] COMMIT db38207: docs: session log 2026-07-28 evening — reorganization, Dask, merge, benchmarks (kooshikooo-lab)
[2026-07-29 15:24:29 UTC] COMMIT db38207: docs: session log 2026-07-28 evening — reorganization, Dask, merge, benchmarks (kooshikooo-lab)
[2026-07-29 15:25:31 UTC] COMMIT db38207: docs: session log 2026-07-28 evening — reorganization, Dask, merge, benchmarks (kooshikooo-lab)
[2026-07-29 15:26:34 UTC] COMMIT db38207: docs: session log 2026-07-28 evening — reorganization, Dask, merge, benchmarks (kooshikooo-lab)
[2026-07-29 15:27:36 UTC] COMMIT db38207: docs: session log 2026-07-28 evening — reorganization, Dask, merge, benchmarks (kooshikooo-lab)
[2026-07-29 15:28:38 UTC] COMMIT db38207: docs: session log 2026-07-28 evening — reorganization, Dask, merge, benchmarks (kooshikooo-lab)
[2026-07-29 15:29:41 UTC] COMMIT db38207: docs: session log 2026-07-28 evening — reorganization, Dask, merge, benchmarks (kooshikooo-lab)
[2026-07-29 15:30:43 UTC] COMMIT db38207: docs: session log 2026-07-28 evening — reorganization, Dask, merge, benchmarks (kooshikooo-lab)
[2026-07-29 15:31:45 UTC] COMMIT db38207: docs: session log 2026-07-28 evening — reorganization, Dask, merge, benchmarks (kooshikooo-lab)
[2026-07-29 15:32:48 UTC] COMMIT db38207: docs: session log 2026-07-28 evening — reorganization, Dask, merge, benchmarks (kooshikooo-lab)
[2026-07-29 15:33:50 UTC] COMMIT db38207: docs: session log 2026-07-28 evening — reorganization, Dask, merge, benchmarks (kooshikooo-lab)
[2026-07-29 15:34:52 UTC] COMMIT db38207: docs: session log 2026-07-28 evening — reorganization, Dask, merge, benchmarks (kooshikooo-lab)
[2026-07-29 15:35:55 UTC] COMMIT db38207: docs: session log 2026-07-28 evening — reorganization, Dask, merge, benchmarks (kooshikooo-lab)
[2026-07-29 15:36:57 UTC] COMMIT db38207: docs: session log 2026-07-28 evening — reorganization, Dask, merge, benchmarks (kooshikooo-lab)
[2026-07-29 15:38:00 UTC] COMMIT db38207: docs: session log 2026-07-28 evening — reorganization, Dask, merge, benchmarks (kooshikooo-lab)
[2026-07-29 15:39:02 UTC] COMMIT db38207: docs: session log 2026-07-28 evening — reorganization, Dask, merge, benchmarks (kooshikooo-lab)
[2026-07-29 15:40:04 UTC] COMMIT db38207: docs: session log 2026-07-28 evening — reorganization, Dask, merge, benchmarks (kooshikooo-lab)
[2026-07-29 15:41:07 UTC] COMMIT db38207: docs: session log 2026-07-28 evening — reorganization, Dask, merge, benchmarks (kooshikooo-lab)
[2026-07-29 15:42:09 UTC] COMMIT db38207: docs: session log 2026-07-28 evening — reorganization, Dask, merge, benchmarks (kooshikooo-lab)
[2026-07-29 15:43:11 UTC] COMMIT db38207: docs: session log 2026-07-28 evening — reorganization, Dask, merge, benchmarks (kooshikooo-lab)
[2026-07-29 15:44:14 UTC] COMMIT db38207: docs: session log 2026-07-28 evening — reorganization, Dask, merge, benchmarks (kooshikooo-lab)
[2026-07-29 15:45:16 UTC] COMMIT db38207: docs: session log 2026-07-28 evening — reorganization, Dask, merge, benchmarks (kooshikooo-lab)
[2026-07-29 15:46:19 UTC] COMMIT db38207: docs: session log 2026-07-28 evening — reorganization, Dask, merge, benchmarks (kooshikooo-lab)
[2026-07-29 15:47:21 UTC] COMMIT db38207: docs: session log 2026-07-28 evening — reorganization, Dask, merge, benchmarks (kooshikooo-lab)
[2026-07-29 15:48:24 UTC] COMMIT db38207: docs: session log 2026-07-28 evening — reorganization, Dask, merge, benchmarks (kooshikooo-lab)
[2026-07-29 15:49:26 UTC] COMMIT db38207: docs: session log 2026-07-28 evening — reorganization, Dask, merge, benchmarks (kooshikooo-lab)
[2026-07-29 15:50:29 UTC] COMMIT db38207: docs: session log 2026-07-28 evening — reorganization, Dask, merge, benchmarks (kooshikooo-lab)
[2026-07-29 15:51:31 UTC] COMMIT db38207: docs: session log 2026-07-28 evening — reorganization, Dask, merge, benchmarks (kooshikooo-lab)
[2026-07-29 15:52:34 UTC] COMMIT db38207: docs: session log 2026-07-28 evening — reorganization, Dask, merge, benchmarks (kooshikooo-lab)
[2026-07-29 15:53:36 UTC] COMMIT db38207: docs: session log 2026-07-28 evening — reorganization, Dask, merge, benchmarks (kooshikooo-lab)
[2026-07-29 15:54:38 UTC] COMMIT db38207: docs: session log 2026-07-28 evening — reorganization, Dask, merge, benchmarks (kooshikooo-lab)
[2026-07-29 15:55:41 UTC] COMMIT db38207: docs: session log 2026-07-28 evening — reorganization, Dask, merge, benchmarks (kooshikooo-lab)
[2026-07-29 15:56:43 UTC] COMMIT db38207: docs: session log 2026-07-28 evening — reorganization, Dask, merge, benchmarks (kooshikooo-lab)
[2026-07-29 15:57:45 UTC] COMMIT db38207: docs: session log 2026-07-28 evening — reorganization, Dask, merge, benchmarks (kooshikooo-lab)
[2026-07-29 15:58:48 UTC] COMMIT db38207: docs: session log 2026-07-28 evening — reorganization, Dask, merge, benchmarks (kooshikooo-lab)
[2026-07-29 15:59:50 UTC] COMMIT db38207: docs: session log 2026-07-28 evening — reorganization, Dask, merge, benchmarks (kooshikooo-lab)
[2026-07-29 16:00:52 UTC] COMMIT db38207: docs: session log 2026-07-28 evening — reorganization, Dask, merge, benchmarks (kooshikooo-lab)
[2026-07-29 16:01:55 UTC] COMMIT db38207: docs: session log 2026-07-28 evening — reorganization, Dask, merge, benchmarks (kooshikooo-lab)
[2026-07-29 16:02:57 UTC] COMMIT db38207: docs: session log 2026-07-28 evening — reorganization, Dask, merge, benchmarks (kooshikooo-lab)
[2026-07-29 16:03:59 UTC] COMMIT db38207: docs: session log 2026-07-28 evening — reorganization, Dask, merge, benchmarks (kooshikooo-lab)
[2026-07-29 16:05:02 UTC] COMMIT db38207: docs: session log 2026-07-28 evening — reorganization, Dask, merge, benchmarks (kooshikooo-lab)
[2026-07-29 16:06:04 UTC] COMMIT db38207: docs: session log 2026-07-28 evening — reorganization, Dask, merge, benchmarks (kooshikooo-lab)
[2026-07-29 16:07:06 UTC] COMMIT db38207: docs: session log 2026-07-28 evening — reorganization, Dask, merge, benchmarks (kooshikooo-lab)
[2026-07-29 16:08:09 UTC] COMMIT db38207: docs: session log 2026-07-28 evening — reorganization, Dask, merge, benchmarks (kooshikooo-lab)
[2026-07-29 16:09:11 UTC] COMMIT db38207: docs: session log 2026-07-28 evening — reorganization, Dask, merge, benchmarks (kooshikooo-lab)
[2026-07-29 16:10:13 UTC] COMMIT db38207: docs: session log 2026-07-28 evening — reorganization, Dask, merge, benchmarks (kooshikooo-lab)
[2026-07-29 16:11:16 UTC] COMMIT db38207: docs: session log 2026-07-28 evening — reorganization, Dask, merge, benchmarks (kooshikooo-lab)
[2026-07-29 16:12:18 UTC] COMMIT db38207: docs: session log 2026-07-28 evening — reorganization, Dask, merge, benchmarks (kooshikooo-lab)
[2026-07-29 16:13:20 UTC] COMMIT db38207: docs: session log 2026-07-28 evening — reorganization, Dask, merge, benchmarks (kooshikooo-lab)
[2026-07-29 16:14:23 UTC] COMMIT db38207: docs: session log 2026-07-28 evening — reorganization, Dask, merge, benchmarks (kooshikooo-lab)
[2026-07-29 16:15:26 UTC] COMMIT db38207: docs: session log 2026-07-28 evening — reorganization, Dask, merge, benchmarks (kooshikooo-lab)
[2026-07-29 16:16:28 UTC] COMMIT db38207: docs: session log 2026-07-28 evening — reorganization, Dask, merge, benchmarks (kooshikooo-lab)
[2026-07-29 16:17:31 UTC] COMMIT db38207: docs: session log 2026-07-28 evening — reorganization, Dask, merge, benchmarks (kooshikooo-lab)
[2026-07-29 16:18:33 UTC] COMMIT db38207: docs: session log 2026-07-28 evening — reorganization, Dask, merge, benchmarks (kooshikooo-lab)
[2026-07-29 16:19:35 UTC] COMMIT db38207: docs: session log 2026-07-28 evening — reorganization, Dask, merge, benchmarks (kooshikooo-lab)
[2026-07-29 16:20:37 UTC] COMMIT db38207: docs: session log 2026-07-28 evening — reorganization, Dask, merge, benchmarks (kooshikooo-lab)
[2026-07-29 16:21:40 UTC] COMMIT db38207: docs: session log 2026-07-28 evening — reorganization, Dask, merge, benchmarks (kooshikooo-lab)
[2026-07-29 16:22:42 UTC] COMMIT db38207: docs: session log 2026-07-28 evening — reorganization, Dask, merge, benchmarks (kooshikooo-lab)
[2026-07-29 16:23:44 UTC] COMMIT db38207: docs: session log 2026-07-28 evening — reorganization, Dask, merge, benchmarks (kooshikooo-lab)
[2026-07-29 16:24:47 UTC] COMMIT db38207: docs: session log 2026-07-28 evening — reorganization, Dask, merge, benchmarks (kooshikooo-lab)
[2026-07-29 16:25:49 UTC] COMMIT db38207: docs: session log 2026-07-28 evening — reorganization, Dask, merge, benchmarks (kooshikooo-lab)
[2026-07-29 16:26:52 UTC] COMMIT db38207: docs: session log 2026-07-28 evening — reorganization, Dask, merge, benchmarks (kooshikooo-lab)
[2026-07-29 16:27:54 UTC] COMMIT db38207: docs: session log 2026-07-28 evening — reorganization, Dask, merge, benchmarks (kooshikooo-lab)
[2026-07-29 16:28:56 UTC] COMMIT db38207: docs: session log 2026-07-28 evening — reorganization, Dask, merge, benchmarks (kooshikooo-lab)
[2026-07-29 16:29:59 UTC] COMMIT db38207: docs: session log 2026-07-28 evening — reorganization, Dask, merge, benchmarks (kooshikooo-lab)
[2026-07-29 16:31:01 UTC] COMMIT db38207: docs: session log 2026-07-28 evening — reorganization, Dask, merge, benchmarks (kooshikooo-lab)
[2026-07-29 16:32:04 UTC] COMMIT db38207: docs: session log 2026-07-28 evening — reorganization, Dask, merge, benchmarks (kooshikooo-lab)
[2026-07-29 16:33:06 UTC] COMMIT db38207: docs: session log 2026-07-28 evening — reorganization, Dask, merge, benchmarks (kooshikooo-lab)
